Archive member included because of file (symbol)

c:/winavr-20100110/bin/../lib/gcc/avr/4.3.3/avr5\libgcc.a(_udivmodqi4.o)
                              ./main.o (__udivmodqi4)
c:/winavr-20100110/bin/../lib/gcc/avr/4.3.3/avr5\libgcc.a(_udivmodhi4.o)
                              ./main.o (__udivmodhi4)
c:/winavr-20100110/bin/../lib/gcc/avr/4.3.3/avr5\libgcc.a(_udivmodsi4.o)
                              ./USART.o (__udivmodsi4)
c:/winavr-20100110/bin/../lib/gcc/avr/4.3.3/avr5\libgcc.a(_exit.o)
                              c:/winavr-20100110/bin/../lib/gcc/avr/4.3.3/../../../../avr/lib/avr5/crtm16.o (exit)
c:/winavr-20100110/bin/../lib/gcc/avr/4.3.3/avr5\libgcc.a(_copy_data.o)
                              ./main.o (__do_copy_data)
c:/winavr-20100110/bin/../lib/gcc/avr/4.3.3/avr5\libgcc.a(_clear_bss.o)
                              ./External_Interrupt.o (__do_clear_bss)
c:/winavr-20100110/bin/../lib/gcc/avr/4.3.3/avr5\libgcc.a(_fixunssfsi.o)
                              ./LCD.o (__fixunssfsi)
c:/winavr-20100110/bin/../lib/gcc/avr/4.3.3/avr5\libgcc.a(_addsub_sf.o)
                              c:/winavr-20100110/bin/../lib/gcc/avr/4.3.3/avr5\libgcc.a(_fixunssfsi.o) (__subsf3)
c:/winavr-20100110/bin/../lib/gcc/avr/4.3.3/avr5\libgcc.a(_mul_sf.o)
                              ./LCD.o (__mulsf3)
c:/winavr-20100110/bin/../lib/gcc/avr/4.3.3/avr5\libgcc.a(_div_sf.o)
                              ./Motors.o (__divsf3)
c:/winavr-20100110/bin/../lib/gcc/avr/4.3.3/avr5\libgcc.a(_gt_sf.o)
                              ./LCD.o (__gtsf2)
c:/winavr-20100110/bin/../lib/gcc/avr/4.3.3/avr5\libgcc.a(_ge_sf.o)
                              c:/winavr-20100110/bin/../lib/gcc/avr/4.3.3/avr5\libgcc.a(_fixunssfsi.o) (__gesf2)
c:/winavr-20100110/bin/../lib/gcc/avr/4.3.3/avr5\libgcc.a(_lt_sf.o)
                              ./LCD.o (__ltsf2)
c:/winavr-20100110/bin/../lib/gcc/avr/4.3.3/avr5\libgcc.a(_si_to_sf.o)
                              ./Timers.o (__floatsisf)
c:/winavr-20100110/bin/../lib/gcc/avr/4.3.3/avr5\libgcc.a(_sf_to_si.o)
                              c:/winavr-20100110/bin/../lib/gcc/avr/4.3.3/avr5\libgcc.a(_fixunssfsi.o) (__fixsfsi)
c:/winavr-20100110/bin/../lib/gcc/avr/4.3.3/avr5\libgcc.a(_thenan_sf.o)
                              c:/winavr-20100110/bin/../lib/gcc/avr/4.3.3/avr5\libgcc.a(_addsub_sf.o) (__thenan_sf)
c:/winavr-20100110/bin/../lib/gcc/avr/4.3.3/avr5\libgcc.a(_usi_to_sf.o)
                              ./UltraSonic.o (__floatunsisf)
c:/winavr-20100110/bin/../lib/gcc/avr/4.3.3/avr5\libgcc.a(_prologue.o)
                              c:/winavr-20100110/bin/../lib/gcc/avr/4.3.3/avr5\libgcc.a(_addsub_sf.o) (__prologue_saves__)
c:/winavr-20100110/bin/../lib/gcc/avr/4.3.3/avr5\libgcc.a(_epilogue.o)
                              c:/winavr-20100110/bin/../lib/gcc/avr/4.3.3/avr5\libgcc.a(_addsub_sf.o) (__epilogue_restores__)
c:/winavr-20100110/bin/../lib/gcc/avr/4.3.3/avr5\libgcc.a(_clzsi2.o)
                              c:/winavr-20100110/bin/../lib/gcc/avr/4.3.3/avr5\libgcc.a(_si_to_sf.o) (__clzsi2)
c:/winavr-20100110/bin/../lib/gcc/avr/4.3.3/avr5\libgcc.a(_pack_sf.o)
                              c:/winavr-20100110/bin/../lib/gcc/avr/4.3.3/avr5\libgcc.a(_addsub_sf.o) (__pack_f)
c:/winavr-20100110/bin/../lib/gcc/avr/4.3.3/avr5\libgcc.a(_unpack_sf.o)
                              c:/winavr-20100110/bin/../lib/gcc/avr/4.3.3/avr5\libgcc.a(_addsub_sf.o) (__unpack_f)
c:/winavr-20100110/bin/../lib/gcc/avr/4.3.3/avr5\libgcc.a(_fpcmp_parts_sf.o)
                              c:/winavr-20100110/bin/../lib/gcc/avr/4.3.3/avr5\libgcc.a(_gt_sf.o) (__fpcmp_parts_f)
c:/winavr-20100110/bin/../lib/gcc/avr/4.3.3/avr5\libgcc.a(_clz.o)
                              c:/winavr-20100110/bin/../lib/gcc/avr/4.3.3/avr5\libgcc.a(_clzsi2.o) (__clz_tab)
c:/winavr-20100110/bin/../lib/gcc/avr/4.3.3/../../../../avr/lib/avr5\libc.a(itoa.o)
                              ./LCD.o (itoa)
c:/winavr-20100110/bin/../lib/gcc/avr/4.3.3/../../../../avr/lib/avr5\libc.a(strrev.o)
                              c:/winavr-20100110/bin/../lib/gcc/avr/4.3.3/../../../../avr/lib/avr5\libc.a(itoa.o) (strrev)

Allocating common symbols
Common symbol       size              file

INT2_ISR            0x2               ./External_Interrupt.o
Second_Num          0x1               ./main.o
Ultra_Distance_Right
                    0x2               ./main.o
INT0_ISR            0x2               ./External_Interrupt.o
i                   0x1               ./main.o
Ultra_Distance      0x4               ./main.o
Choice              0x1               ./main.o
First_Num           0x1               ./main.o
Ultra_Distance_Left
                    0x2               ./main.o
Ultra_Distance_Front
                    0x2               ./main.o
INT1_ISR            0x2               ./External_Interrupt.o

Memory Configuration

Name             Origin             Length             Attributes
text             0x00000000         0x00020000         xr
data             0x00800060         0x0000ffa0         rw !x
eeprom           0x00810000         0x00010000         rw !x
fuse             0x00820000         0x00000400         rw !x
lock             0x00830000         0x00000400         rw !x
signature        0x00840000         0x00000400         rw !x
*default*        0x00000000         0xffffffff

Linker script and memory map

LOAD c:/winavr-20100110/bin/../lib/gcc/avr/4.3.3/../../../../avr/lib/avr5/crtm16.o
LOAD ./BUTTON.o
LOAD ./DIO.o
LOAD ./External_Interrupt.o
LOAD ./LCD.o
LOAD ./LED.o
LOAD ./Motors.o
LOAD ./Timers.o
LOAD ./USART.o
LOAD ./UltraSonic.o
LOAD ./main.o
LOAD c:/winavr-20100110/bin/../lib/gcc/avr/4.3.3/avr5\libgcc.a
LOAD c:/winavr-20100110/bin/../lib/gcc/avr/4.3.3/../../../../avr/lib/avr5\libc.a
LOAD c:/winavr-20100110/bin/../lib/gcc/avr/4.3.3/avr5\libgcc.a

.hash
 *(.hash)

.dynsym
 *(.dynsym)

.dynstr
 *(.dynstr)

.gnu.version
 *(.gnu.version)

.gnu.version_d
 *(.gnu.version_d)

.gnu.version_r
 *(.gnu.version_r)

.rel.init
 *(.rel.init)

.rela.init
 *(.rela.init)

.rel.text
 *(.rel.text)
 *(.rel.text.*)
 *(.rel.gnu.linkonce.t*)

.rela.text
 *(.rela.text)
 *(.rela.text.*)
 *(.rela.gnu.linkonce.t*)

.rel.fini
 *(.rel.fini)

.rela.fini
 *(.rela.fini)

.rel.rodata
 *(.rel.rodata)
 *(.rel.rodata.*)
 *(.rel.gnu.linkonce.r*)

.rela.rodata
 *(.rela.rodata)
 *(.rela.rodata.*)
 *(.rela.gnu.linkonce.r*)

.rel.data
 *(.rel.data)
 *(.rel.data.*)
 *(.rel.gnu.linkonce.d*)

.rela.data
 *(.rela.data)
 *(.rela.data.*)
 *(.rela.gnu.linkonce.d*)

.rel.ctors
 *(.rel.ctors)

.rela.ctors
 *(.rela.ctors)

.rel.dtors
 *(.rel.dtors)

.rela.dtors
 *(.rela.dtors)

.rel.got
 *(.rel.got)

.rela.got
 *(.rela.got)

.rel.bss
 *(.rel.bss)

.rela.bss
 *(.rela.bss)

.rel.plt
 *(.rel.plt)

.rela.plt
 *(.rela.plt)

.text           0x00000000     0x59fe
 *(.vectors)
 .vectors       0x00000000       0x54 c:/winavr-20100110/bin/../lib/gcc/avr/4.3.3/../../../../avr/lib/avr5/crtm16.o
                0x00000000                __vectors
                0x00000000                __vector_default
 *(.vectors)
 *(.progmem.gcc*)
 *(.progmem*)
                0x00000054                . = ALIGN (0x2)
                0x00000054                __trampolines_start = .
 *(.trampolines)
 .trampolines   0x00000054        0x0 linker stubs
 *(.trampolines*)
                0x00000054                __trampolines_end = .
 *(.jumptables)
 *(.jumptables*)
 *(.lowtext)
 *(.lowtext*)
                0x00000054                __ctors_start = .
 *(.ctors)
                0x00000054                __ctors_end = .
                0x00000054                __dtors_start = .
 *(.dtors)
                0x00000054                __dtors_end = .
 SORT(*)(.ctors)
 SORT(*)(.dtors)
 *(.init0)
 .init0         0x00000054        0x0 c:/winavr-20100110/bin/../lib/gcc/avr/4.3.3/../../../../avr/lib/avr5/crtm16.o
                0x00000054                __init
 *(.init0)
 *(.init1)
 *(.init1)
 *(.init2)
 .init2         0x00000054        0xc c:/winavr-20100110/bin/../lib/gcc/avr/4.3.3/../../../../avr/lib/avr5/crtm16.o
 *(.init2)
 *(.init3)
 *(.init3)
 *(.init4)
 .init4         0x00000060       0x16 c:/winavr-20100110/bin/../lib/gcc/avr/4.3.3/avr5\libgcc.a(_copy_data.o)
                0x00000060                __do_copy_data
 .init4         0x00000076       0x10 c:/winavr-20100110/bin/../lib/gcc/avr/4.3.3/avr5\libgcc.a(_clear_bss.o)
                0x00000076                __do_clear_bss
 *(.init4)
 *(.init5)
 *(.init5)
 *(.init6)
 *(.init6)
 *(.init7)
 *(.init7)
 *(.init8)
 *(.init8)
 *(.init9)
 .init9         0x00000086        0x8 c:/winavr-20100110/bin/../lib/gcc/avr/4.3.3/../../../../avr/lib/avr5/crtm16.o
 *(.init9)
 *(.text)
 .text          0x0000008e        0x4 c:/winavr-20100110/bin/../lib/gcc/avr/4.3.3/../../../../avr/lib/avr5/crtm16.o
                0x0000008e                __vector_1
                0x0000008e                __vector_12
                0x0000008e                __bad_interrupt
                0x0000008e                __vector_6
                0x0000008e                __vector_3
                0x0000008e                __vector_11
                0x0000008e                __vector_13
                0x0000008e                __vector_17
                0x0000008e                __vector_19
                0x0000008e                __vector_7
                0x0000008e                __vector_5
                0x0000008e                __vector_4
                0x0000008e                __vector_9
                0x0000008e                __vector_2
                0x0000008e                __vector_15
                0x0000008e                __vector_8
                0x0000008e                __vector_14
                0x0000008e                __vector_10
                0x0000008e                __vector_16
                0x0000008e                __vector_18
                0x0000008e                __vector_20
 .text          0x00000092        0x0 ./BUTTON.o
 .text          0x00000092        0x0 ./DIO.o
 .text          0x00000092        0x0 ./External_Interrupt.o
 .text          0x00000092        0x0 ./LCD.o
 .text          0x00000092        0x0 ./LED.o
 .text          0x00000092        0x0 ./Motors.o
 .text          0x00000092        0x0 ./Timers.o
 .text          0x00000092        0x0 ./USART.o
 .text          0x00000092        0x0 ./UltraSonic.o
 .text          0x00000092        0x0 ./main.o
 .text          0x00000092        0x0 c:/winavr-20100110/bin/../lib/gcc/avr/4.3.3/avr5\libgcc.a(_udivmodqi4.o)
 .text          0x00000092        0x0 c:/winavr-20100110/bin/../lib/gcc/avr/4.3.3/avr5\libgcc.a(_udivmodhi4.o)
 .text          0x00000092        0x0 c:/winavr-20100110/bin/../lib/gcc/avr/4.3.3/avr5\libgcc.a(_udivmodsi4.o)
 .text          0x00000092        0x0 c:/winavr-20100110/bin/../lib/gcc/avr/4.3.3/avr5\libgcc.a(_exit.o)
 .text          0x00000092        0x0 c:/winavr-20100110/bin/../lib/gcc/avr/4.3.3/avr5\libgcc.a(_copy_data.o)
 .text          0x00000092        0x0 c:/winavr-20100110/bin/../lib/gcc/avr/4.3.3/avr5\libgcc.a(_clear_bss.o)
 .text          0x00000092       0x58 c:/winavr-20100110/bin/../lib/gcc/avr/4.3.3/avr5\libgcc.a(_fixunssfsi.o)
                0x00000092                __fixunssfsi
 .text          0x000000ea      0x354 c:/winavr-20100110/bin/../lib/gcc/avr/4.3.3/avr5\libgcc.a(_addsub_sf.o)
                0x00000382                __subsf3
                0x000003e4                __addsf3
 .text          0x0000043e      0x1f4 c:/winavr-20100110/bin/../lib/gcc/avr/4.3.3/avr5\libgcc.a(_mul_sf.o)
                0x0000043e                __mulsf3
 .text          0x00000632      0x158 c:/winavr-20100110/bin/../lib/gcc/avr/4.3.3/avr5\libgcc.a(_div_sf.o)
                0x00000632                __divsf3
 .text          0x0000078a       0x60 c:/winavr-20100110/bin/../lib/gcc/avr/4.3.3/avr5\libgcc.a(_gt_sf.o)
                0x0000078a                __gtsf2
 .text          0x000007ea       0x60 c:/winavr-20100110/bin/../lib/gcc/avr/4.3.3/avr5\libgcc.a(_ge_sf.o)
                0x000007ea                __gesf2
 .text          0x0000084a       0x60 c:/winavr-20100110/bin/../lib/gcc/avr/4.3.3/avr5\libgcc.a(_lt_sf.o)
                0x0000084a                __ltsf2
 .text          0x000008aa       0xbc c:/winavr-20100110/bin/../lib/gcc/avr/4.3.3/avr5\libgcc.a(_si_to_sf.o)
                0x000008aa                __floatsisf
 .text          0x00000966       0xa8 c:/winavr-20100110/bin/../lib/gcc/avr/4.3.3/avr5\libgcc.a(_sf_to_si.o)
                0x00000966                __fixsfsi
 .text          0x00000a0e        0x0 c:/winavr-20100110/bin/../lib/gcc/avr/4.3.3/avr5\libgcc.a(_thenan_sf.o)
 .text          0x00000a0e       0xf2 c:/winavr-20100110/bin/../lib/gcc/avr/4.3.3/avr5\libgcc.a(_usi_to_sf.o)
                0x00000a0e                __floatunsisf
 .text          0x00000b00        0x0 c:/winavr-20100110/bin/../lib/gcc/avr/4.3.3/avr5\libgcc.a(_prologue.o)
 .text          0x00000b00        0x0 c:/winavr-20100110/bin/../lib/gcc/avr/4.3.3/avr5\libgcc.a(_epilogue.o)
 .text          0x00000b00       0x9e c:/winavr-20100110/bin/../lib/gcc/avr/4.3.3/avr5\libgcc.a(_clzsi2.o)
                0x00000b00                __clzsi2
 .text          0x00000b9e      0x1aa c:/winavr-20100110/bin/../lib/gcc/avr/4.3.3/avr5\libgcc.a(_pack_sf.o)
                0x00000b9e                __pack_f
 .text          0x00000d48       0xf0 c:/winavr-20100110/bin/../lib/gcc/avr/4.3.3/avr5\libgcc.a(_unpack_sf.o)
                0x00000d48                __unpack_f
 .text          0x00000e38       0xb2 c:/winavr-20100110/bin/../lib/gcc/avr/4.3.3/avr5\libgcc.a(_fpcmp_parts_sf.o)
                0x00000e38                __fpcmp_parts_f
 .text          0x00000eea        0x0 c:/winavr-20100110/bin/../lib/gcc/avr/4.3.3/avr5\libgcc.a(_clz.o)
 .text          0x00000eea        0x0 c:/winavr-20100110/bin/../lib/gcc/avr/4.3.3/../../../../avr/lib/avr5\libc.a(itoa.o)
 .text          0x00000eea        0x0 c:/winavr-20100110/bin/../lib/gcc/avr/4.3.3/../../../../avr/lib/avr5\libc.a(strrev.o)
                0x00000eea                . = ALIGN (0x2)
 *(.text.*)
 .text.Button_vintial
                0x00000eea       0x22 ./BUTTON.o
                0x00000eea                Button_vintial
 .text.Button_u8read
                0x00000f0c       0x20 ./BUTTON.o
                0x00000f0c                Button_u8read
 .text.Button_Set_PullUp
                0x00000f2c       0x20 ./BUTTON.o
                0x00000f2c                Button_Set_PullUp
 .text.DIO_Set_Pin_Direction
                0x00000f4c      0x268 ./DIO.o
                0x00000f4c                DIO_Set_Pin_Direction
 .text.DIO_Write_Pin
                0x000011b4      0x268 ./DIO.o
                0x000011b4                DIO_Write_Pin
 .text.DIO_TogglePin
                0x0000141c      0x134 ./DIO.o
                0x0000141c                DIO_TogglePin
 .text.DIO_u8ReadPin
                0x00001550      0x198 ./DIO.o
                0x00001550                DIO_u8ReadPin
 .text.DIO_Set_Port_Direction
                0x000016e8       0xba ./DIO.o
                0x000016e8                DIO_Set_Port_Direction
 .text.DIO_WritePort
                0x000017a2       0xba ./DIO.o
                0x000017a2                DIO_WritePort
 .text.DIO_ReadPort
                0x0000185c       0xc2 ./DIO.o
                0x0000185c                DIO_ReadPort
 .text.DIO_TogglePort
                0x0000191e       0xf6 ./DIO.o
                0x0000191e                DIO_TogglePort
 .text.DIO_PullUp_Active
                0x00001a14      0x134 ./DIO.o
                0x00001a14                DIO_PullUp_Active
 .text.DIO_PullUp_DeActive
                0x00001b48      0x13e ./DIO.o
                0x00001b48                DIO_PullUp_DeActive
 .text.DIO_Write_Low_Nibble
                0x00001c86      0x11a ./DIO.o
                0x00001c86                DIO_Write_Low_Nibble
 .text.DIO_Write_High_Nibble
                0x00001da0      0x11c ./DIO.o
                0x00001da0                DIO_Write_High_Nibble
 .text.DIO_Set_High_Nibble_Direction
                0x00001ebc       0x40 ./DIO.o
                0x00001ebc                DIO_Set_High_Nibble_Direction
 .text.DIO_Set_Low_Nibble_Direction
                0x00001efc       0x40 ./DIO.o
                0x00001efc                DIO_Set_Low_Nibble_Direction
 .text.Set_Global_Interrupt
                0x00001f3c       0x1c ./External_Interrupt.o
                0x00001f3c                Set_Global_Interrupt
 .text.Clear_Global_Interrupt
                0x00001f58       0x1c ./External_Interrupt.o
                0x00001f58                Clear_Global_Interrupt
 .text.INT0_INIT
                0x00001f74       0x42 ./External_Interrupt.o
                0x00001f74                INT0_INIT
 .text.INT1_INIT
                0x00001fb6       0x50 ./External_Interrupt.o
                0x00001fb6                INT1_INIT
 .text.INT2_INIT
                0x00002006       0x5a ./External_Interrupt.o
                0x00002006                INT2_INIT
 .text.CheckIRQ0
                0x00002060       0x2c ./External_Interrupt.o
                0x00002060                CheckIRQ0
 .text.CheckIRQ1
                0x0000208c       0x1a ./External_Interrupt.o
                0x0000208c                CheckIRQ1
 .text.CheckIRQ2
                0x000020a6       0x30 ./External_Interrupt.o
                0x000020a6                CheckIRQ2
 .text.SET_ENINT0
                0x000020d6       0x1c ./External_Interrupt.o
                0x000020d6                SET_ENINT0
 .text.SET_ENINT1
                0x000020f2       0x1c ./External_Interrupt.o
                0x000020f2                SET_ENINT1
 .text.SET_ENABLE_INT2
                0x0000210e       0x1c ./External_Interrupt.o
                0x0000210e                SET_ENABLE_INT2
 .text.Clear_ENABLE_INT0
                0x0000212a       0x1c ./External_Interrupt.o
                0x0000212a                Clear_ENABLE_INT0
 .text.Clear_ENABLE_INT1
                0x00002146       0x1c ./External_Interrupt.o
                0x00002146                Clear_ENABLE_INT1
 .text.Clear_ENABLE_INT2
                0x00002162       0x1c ./External_Interrupt.o
                0x00002162                Clear_ENABLE_INT2
 .text.enable   0x0000217e      0x202 ./LCD.o
                0x0000217e                enable
 .text.Data_Register_Select
                0x00002380       0x18 ./LCD.o
                0x00002380                Data_Register_Select
 .text.Cmd_Register_Select
                0x00002398       0x18 ./LCD.o
                0x00002398                Cmd_Register_Select
 .text.LCD_Data_Direction
                0x000023b0       0x1e ./LCD.o
                0x000023b0                LCD_Data_Direction
 .text.LCD_Send_Cmd
                0x000023ce       0x38 ./LCD.o
                0x000023ce                LCD_Send_Cmd
 .text.LCD_Clear_Screen
                0x00002406      0x110 ./LCD.o
                0x00002406                LCD_Clear_Screen
 .text.LCD_Return_Home
                0x00002516      0x110 ./LCD.o
                0x00002516                LCD_Return_Home
 .text.EntryMode
                0x00002626      0x110 ./LCD.o
                0x00002626                EntryMode
 .text.LCD_DiplayON_CursorON
                0x00002736      0x110 ./LCD.o
                0x00002736                LCD_DiplayON_CursorON
 .text.LCD_DiplayON_CursorOff
                0x00002846      0x110 ./LCD.o
                0x00002846                LCD_DiplayON_CursorOff
 .text.LCD_DiplayON_CursorBlink
                0x00002956      0x110 ./LCD.o
                0x00002956                LCD_DiplayON_CursorBlink
 .text.LCD_CursorToLeft
                0x00002a66       0x14 ./LCD.o
                0x00002a66                LCD_CursorToLeft
 .text.LCD_CursorToRight
                0x00002a7a       0x14 ./LCD.o
                0x00002a7a                LCD_CursorToRight
 .text.LCD_Writing_To_Left
                0x00002a8e      0x110 ./LCD.o
                0x00002a8e                LCD_Writing_To_Left
 .text.LCD_Shift_Display_Right
                0x00002b9e       0x14 ./LCD.o
                0x00002b9e                LCD_Shift_Display_Right
 .text.LCD_Shift_Display_Left
                0x00002bb2       0x14 ./LCD.o
                0x00002bb2                LCD_Shift_Display_Left
 .text.LCD_Move_Cursor
                0x00002bc6       0x66 ./LCD.o
                0x00002bc6                LCD_Move_Cursor
 .text.LCD_vSendChar
                0x00002c2c       0x38 ./LCD.o
                0x00002c2c                LCD_vSendChar
 .text.LCD_vSendString
                0x00002c64       0x38 ./LCD.o
                0x00002c64                LCD_vSendString
 .text.LCD_vInit
                0x00002c9c      0x30a ./LCD.o
                0x00002c9c                LCD_vInit
 .text.LCD_Integer_To_String
                0x00002fa6       0x46 ./LCD.o
                0x00002fa6                LCD_Integer_To_String
 .text.LED_vintial
                0x00002fec       0x22 ./LED.o
                0x00002fec                LED_vintial
 .text.LED_ON   0x0000300e       0x22 ./LED.o
                0x0000300e                LED_ON
 .text.LED_OFF  0x00003030       0x22 ./LED.o
                0x00003030                LED_OFF
 .text.LED_Toggle
                0x00003052       0x20 ./LED.o
                0x00003052                LED_Toggle
 .text.LED_u8ReadStatus
                0x00003072       0x20 ./LED.o
                0x00003072                LED_u8ReadStatus
 .text.DC_Motors_vInit
                0x00003092       0x4c ./Motors.o
                0x00003092                DC_Motors_vInit
 .text.DC_Move_Forward
                0x000030de       0x8c ./Motors.o
                0x000030de                DC_Move_Forward
 .text.DC_Move_Backward
                0x0000316a       0x8c ./Motors.o
                0x0000316a                DC_Move_Backward
 .text.DC_Move_Right
                0x000031f6       0x8c ./Motors.o
                0x000031f6                DC_Move_Right
 .text.DC_Move_Left
                0x00003282       0x8c ./Motors.o
                0x00003282                DC_Move_Left
 .text.DC_Drift_Left
                0x0000330e       0x8c ./Motors.o
                0x0000330e                DC_Drift_Left
 .text.DC_Drift_Right
                0x0000339a       0x8c ./Motors.o
                0x0000339a                DC_Drift_Right
 .text.DC_Drift_Back_Right
                0x00003426       0x8c ./Motors.o
                0x00003426                DC_Drift_Back_Right
 .text.DC_Drift_Back_Left
                0x000034b2       0x8c ./Motors.o
                0x000034b2                DC_Drift_Back_Left
 .text.DC_STOP  0x0000353e       0x8c ./Motors.o
                0x0000353e                DC_STOP
 .text.Servo_vInit_Pin_OC1A
                0x000035ca       0x18 ./Motors.o
                0x000035ca                Servo_vInit_Pin_OC1A
 .text.Servo_vInit_Pin_OC1B
                0x000035e2       0x18 ./Motors.o
                0x000035e2                Servo_vInit_Pin_OC1B
 .text.Servo_Direction_Pin_OC1A
                0x000035fa      0x10a ./Motors.o
                0x000035fa                Servo_Direction_Pin_OC1A
 .text.Servo_Direction_Pin_OC1B
                0x00003704      0x10a ./Motors.o
                0x00003704                Servo_Direction_Pin_OC1B
 .text.Servo_vInit_Pin_OC0
                0x0000380e       0x18 ./Motors.o
                0x0000380e                Servo_vInit_Pin_OC0
 .text.Servo_Direction_Pin_OC0
                0x00003826       0x56 ./Motors.o
                0x00003826                Servo_Direction_Pin_OC0
 .text.Timer0_Set_Clk
                0x0000387c       0x38 ./Timers.o
                0x0000387c                Timer0_Set_Clk
 .text.Timer0_Stop_Count
                0x000038b4       0x38 ./Timers.o
                0x000038b4                Timer0_Stop_Count
 .text.Timer0_Start_Count
                0x000038ec       0x12 ./Timers.o
                0x000038ec                Timer0_Start_Count
 .text.Timer0_Pin_T0_Sense
                0x000038fe       0x38 ./Timers.o
                0x000038fe                Timer0_Pin_T0_Sense
 .text.Timer0_Set_OverFlow_Mode
                0x00003936       0x40 ./Timers.o
                0x00003936                Timer0_Set_OverFlow_Mode
 .text.Timer0_Set_CTC_Mode
                0x00003976       0x4e ./Timers.o
                0x00003976                Timer0_Set_CTC_Mode
 .text.Timer0_CTC_Generate_Signal
                0x000039c4       0x62 ./Timers.o
                0x000039c4                Timer0_CTC_Generate_Signal
 .text.Timer0_Set_FastPWM_Mode
                0x00003a26       0x58 ./Timers.o
                0x00003a26                Timer0_Set_FastPWM_Mode
 .text.PWM_Timer0_Generate
                0x00003a7e       0x52 ./Timers.o
                0x00003a7e                PWM_Timer0_Generate
 .text.Timer0_Set_PhaseCorrect_PWM_Mode
                0x00003ad0       0x62 ./Timers.o
                0x00003ad0                Timer0_Set_PhaseCorrect_PWM_Mode
 .text.Timer0_Clear_TCNT0
                0x00003b32       0x14 ./Timers.o
                0x00003b32                Timer0_Clear_TCNT0
 .text.Timer1_Set_Clk
                0x00003b46       0x38 ./Timers.o
                0x00003b46                Timer1_Set_Clk
 .text.Timer1_Stop_Count
                0x00003b7e       0x38 ./Timers.o
                0x00003b7e                Timer1_Stop_Count
 .text.Timer1_Start_Count
                0x00003bb6       0x12 ./Timers.o
                0x00003bb6                Timer1_Start_Count
 .text.Timer1_Pin_T1_Sense
                0x00003bc8       0x38 ./Timers.o
                0x00003bc8                Timer1_Pin_T1_Sense
 .text.Timer1_Set_OverFlow_Mode
                0x00003c00       0x5c ./Timers.o
                0x00003c00                Timer1_Set_OverFlow_Mode
 .text.Timer1_Set_OCRA_CTC_Mode
                0x00003c5c       0x72 ./Timers.o
                0x00003c5c                Timer1_Set_OCRA_CTC_Mode
 .text.Timer1_Set_ICR_CTC_Mode
                0x00003cce       0x72 ./Timers.o
                0x00003cce                Timer1_Set_ICR_CTC_Mode
 .text.Timer1_Set_OCRB_CTC_Mode
                0x00003d40       0x72 ./Timers.o
                0x00003d40                Timer1_Set_OCRB_CTC_Mode
 .text.Timer1_CTC_OCRA_Generate_Signal
                0x00003db2       0x86 ./Timers.o
                0x00003db2                Timer1_CTC_OCRA_Generate_Signal
 .text.Timer1_CTC_OCRB_Generate_Signal
                0x00003e38       0x86 ./Timers.o
                0x00003e38                Timer1_CTC_OCRB_Generate_Signal
 .text.Timer1_Set_OCA_FastPWM_Mode
                0x00003ebe       0x86 ./Timers.o
                0x00003ebe                Timer1_Set_OCA_FastPWM_Mode
 .text.Timer1_Set_OCB_FastPWM_Mode
                0x00003f44       0x86 ./Timers.o
                0x00003f44                Timer1_Set_OCB_FastPWM_Mode
 .text.Timer1_Set_OCA_FastPWM_Mode_Using_Bits
                0x00003fca       0x70 ./Timers.o
                0x00003fca                Timer1_Set_OCA_FastPWM_Mode_Using_Bits
 .text.Timer1_Set_OCB_FastPWM_Mode_Using_Bits
                0x0000403a       0x70 ./Timers.o
                0x0000403a                Timer1_Set_OCB_FastPWM_Mode_Using_Bits
 .text.PWM_Timer1A_Generate
                0x000040aa       0x52 ./Timers.o
                0x000040aa                PWM_Timer1A_Generate
 .text.PWM_Timer1B_Generate
                0x000040fc       0x52 ./Timers.o
                0x000040fc                PWM_Timer1B_Generate
 .text.Timer1_Set_ICU_Rising_Edge
                0x0000414e       0x1c ./Timers.o
                0x0000414e                Timer1_Set_ICU_Rising_Edge
 .text.Timer1_Set_ICU_Falling_Edge
                0x0000416a       0x2a ./Timers.o
                0x0000416a                Timer1_Set_ICU_Falling_Edge
 .text.Timer1_Clear_ICF1_BIT
                0x00004194       0x1c ./Timers.o
                0x00004194                Timer1_Clear_ICF1_BIT
 .text.Timer1_Check_ICF1_BIT
                0x000041b0       0x30 ./Timers.o
                0x000041b0                Timer1_Check_ICF1_BIT
 .text.Timer1_Clear_TCNT1
                0x000041e0       0x16 ./Timers.o
                0x000041e0                Timer1_Clear_TCNT1
 .text.Timer1_Set_OCA_PhaseCorrect_PWM_Mode_Using_Bits
                0x000041f6       0x70 ./Timers.o
                0x000041f6                Timer1_Set_OCA_PhaseCorrect_PWM_Mode_Using_Bits
 .text.Timer1_Set_OCB_PhaseCorrect_PWM_Mode_Using_Bits
                0x00004266       0x70 ./Timers.o
                0x00004266                Timer1_Set_OCB_PhaseCorrect_PWM_Mode_Using_Bits
 .text.Timer1_Set_OCA_PhaseCorrect_PWM_Mode
                0x000042d6       0x86 ./Timers.o
                0x000042d6                Timer1_Set_OCA_PhaseCorrect_PWM_Mode
 .text.Timer1_Set_OCB_PhaseCorrect_PWM_Mode
                0x0000435c       0x86 ./Timers.o
                0x0000435c                Timer1_Set_OCB_PhaseCorrect_PWM_Mode
 .text.Timer2_Clk_Select
                0x000043e2       0x1c ./Timers.o
                0x000043e2                Timer2_Clk_Select
 .text.Timer2_Set_Clk
                0x000043fe       0x3c ./Timers.o
                0x000043fe                Timer2_Set_Clk
 .text.Timer2_Stop_Count
                0x0000443a       0x38 ./Timers.o
                0x0000443a                Timer2_Stop_Count
 .text.Timer2_Start_Count
                0x00004472       0x12 ./Timers.o
                0x00004472                Timer2_Start_Count
 .text.Timer2_Set_OverFlow_Mode
                0x00004484       0x40 ./Timers.o
                0x00004484                Timer2_Set_OverFlow_Mode
 .text.Timer2_Set_CTC_Mode
                0x000044c4       0x4e ./Timers.o
                0x000044c4                Timer2_Set_CTC_Mode
 .text.Timer2_CTC_Generate_Signal
                0x00004512       0x62 ./Timers.o
                0x00004512                Timer2_CTC_Generate_Signal
 .text.Timer2_Set_FastPWM_Mode
                0x00004574       0x62 ./Timers.o
                0x00004574                Timer2_Set_FastPWM_Mode
 .text.PWM_Timer2_Generate
                0x000045d6       0x52 ./Timers.o
                0x000045d6                PWM_Timer2_Generate
 .text.Timer2_Set_PhaseCorrect_PWM_Mode
                0x00004628       0x62 ./Timers.o
                0x00004628                Timer2_Set_PhaseCorrect_PWM_Mode
 .text.Timer2_Clear_TCNT2
                0x0000468a       0x14 ./Timers.o
                0x0000468a                Timer2_Clear_TCNT2
 .text.UART_vInit
                0x0000469e       0xc4 ./USART.o
                0x0000469e                UART_vInit
 .text.UART_Send_Data
                0x00004762       0x42 ./USART.o
                0x00004762                UART_Send_Data
 .text.UART_Send_String
                0x000047a4      0x130 ./USART.o
                0x000047a4                UART_Send_String
 .text.UART_u8Receive_Data
                0x000048d4       0x2a ./USART.o
                0x000048d4                UART_u8Receive_Data
 .text.UART_DOR_Check
                0x000048fe       0x28 ./USART.o
                0x000048fe                UART_DOR_Check
 .text.UART_PE_Check
                0x00004926       0x24 ./USART.o
                0x00004926                UART_PE_Check
 .text.UART_FE_Check
                0x0000494a       0x2c ./USART.o
                0x0000494a                UART_FE_Check
 .text.Set_Normal_Asynchronous_Mode
                0x00004976       0x1c ./USART.o
                0x00004976                Set_Normal_Asynchronous_Mode
 .text.Set_Double_Speed_Asynchronous_Mode
                0x00004992       0x1c ./USART.o
                0x00004992                Set_Double_Speed_Asynchronous_Mode
 .text.Set_UARTRX_Interrupt
                0x000049ae       0x1c ./USART.o
                0x000049ae                Set_UARTRX_Interrupt
 .text.Clear_UARTRX_Interrupt
                0x000049ca       0x1c ./USART.o
                0x000049ca                Clear_UARTRX_Interrupt
 .text.UltraSonic_vint
                0x000049e6       0x22 ./UltraSonic.o
                0x000049e6                UltraSonic_vint
 .text.Trigger  0x00004a08      0x1ba ./UltraSonic.o
                0x00004a08                Trigger
 .text.UltraSonic_ICR_Read
                0x00004bc2       0xc8 ./UltraSonic.o
                0x00004bc2                UltraSonic_ICR_Read
 .text.main     0x00004c8a       0x2a ./main.o
                0x00004c8a                main
 .text.Setup    0x00004cb4       0x5c ./main.o
                0x00004cb4                Setup
 .text.Manual   0x00004d10      0x1d2 ./main.o
                0x00004d10                Manual
 .text.Automatic_Mode_1
                0x00004ee2      0x3e2 ./main.o
                0x00004ee2                Automatic_Mode_1
 .text.Show_Car_Speed_On_LCD
                0x000052c4       0x4c ./main.o
                0x000052c4                Show_Car_Speed_On_LCD
 .text.Show_UltraSonic_Distance_On_LCD
                0x00005310       0x7c ./main.o
                0x00005310                Show_UltraSonic_Distance_On_LCD
 .text.Show_Car_Engine_Status
                0x0000538c      0x16c ./main.o
                0x0000538c                Show_Car_Engine_Status
 .text.Check_Collision
                0x000054f8       0x5e ./main.o
                0x000054f8                Check_Collision
 .text.Start_Car
                0x00005556       0x52 ./main.o
                0x00005556                Start_Car
 .text.Car_Control_Speed_Using_UltraSonic
                0x000055a8      0x2fe ./main.o
                0x000055a8                Car_Control_Speed_Using_UltraSonic
 .text.libgcc   0x000058a6       0x18 c:/winavr-20100110/bin/../lib/gcc/avr/4.3.3/avr5\libgcc.a(_udivmodqi4.o)
                0x000058a6                __udivmodqi4
 .text.libgcc   0x000058be       0x28 c:/winavr-20100110/bin/../lib/gcc/avr/4.3.3/avr5\libgcc.a(_udivmodhi4.o)
                0x000058be                __udivmodhi4
 .text.libgcc   0x000058e6       0x44 c:/winavr-20100110/bin/../lib/gcc/avr/4.3.3/avr5\libgcc.a(_udivmodsi4.o)
                0x000058e6                __udivmodsi4
 .text.libgcc   0x0000592a        0x0 c:/winavr-20100110/bin/../lib/gcc/avr/4.3.3/avr5\libgcc.a(_exit.o)
 .text.libgcc   0x0000592a        0x0 c:/winavr-20100110/bin/../lib/gcc/avr/4.3.3/avr5\libgcc.a(_copy_data.o)
 .text.libgcc   0x0000592a        0x0 c:/winavr-20100110/bin/../lib/gcc/avr/4.3.3/avr5\libgcc.a(_clear_bss.o)
 .text.libgcc   0x0000592a       0x38 c:/winavr-20100110/bin/../lib/gcc/avr/4.3.3/avr5\libgcc.a(_prologue.o)
                0x0000592a                __prologue_saves__
 .text.libgcc   0x00005962       0x36 c:/winavr-20100110/bin/../lib/gcc/avr/4.3.3/avr5\libgcc.a(_epilogue.o)
                0x00005962                __epilogue_restores__
 .text.avr-libc
                0x00005998       0x42 c:/winavr-20100110/bin/../lib/gcc/avr/4.3.3/../../../../avr/lib/avr5\libc.a(itoa.o)
                0x00005998                itoa
 .text.avr-libc
                0x000059da       0x20 c:/winavr-20100110/bin/../lib/gcc/avr/4.3.3/../../../../avr/lib/avr5\libc.a(strrev.o)
                0x000059da                strrev
                0x000059fa                . = ALIGN (0x2)
 *(.fini9)
 .fini9         0x000059fa        0x0 c:/winavr-20100110/bin/../lib/gcc/avr/4.3.3/avr5\libgcc.a(_exit.o)
                0x000059fa                exit
                0x000059fa                _exit
 *(.fini9)
 *(.fini8)
 *(.fini8)
 *(.fini7)
 *(.fini7)
 *(.fini6)
 *(.fini6)
 *(.fini5)
 *(.fini5)
 *(.fini4)
 *(.fini4)
 *(.fini3)
 *(.fini3)
 *(.fini2)
 *(.fini2)
 *(.fini1)
 *(.fini1)
 *(.fini0)
 .fini0         0x000059fa        0x4 c:/winavr-20100110/bin/../lib/gcc/avr/4.3.3/avr5\libgcc.a(_exit.o)
 *(.fini0)
                0x000059fe                _etext = .

.data           0x00800060      0x174 load address 0x000059fe
                0x00800060                PROVIDE (__data_start, .)
 *(.data)
 .data          0x00800060        0x0 c:/winavr-20100110/bin/../lib/gcc/avr/4.3.3/../../../../avr/lib/avr5/crtm16.o
 .data          0x00800060        0x0 ./BUTTON.o
 .data          0x00800060        0x0 ./DIO.o
 .data          0x00800060        0x0 ./External_Interrupt.o
 .data          0x00800060        0x0 ./LCD.o
 .data          0x00800060        0x0 ./LED.o
 .data          0x00800060        0x0 ./Motors.o
 .data          0x00800060        0x0 ./Timers.o
 .data          0x00800060        0x0 ./USART.o
 .data          0x00800060        0x0 ./UltraSonic.o
 .data          0x00800060       0x6b ./main.o
 .data          0x008000cb        0x0 c:/winavr-20100110/bin/../lib/gcc/avr/4.3.3/avr5\libgcc.a(_udivmodqi4.o)
 .data          0x008000cb        0x0 c:/winavr-20100110/bin/../lib/gcc/avr/4.3.3/avr5\libgcc.a(_udivmodhi4.o)
 .data          0x008000cb        0x0 c:/winavr-20100110/bin/../lib/gcc/avr/4.3.3/avr5\libgcc.a(_udivmodsi4.o)
 .data          0x008000cb        0x0 c:/winavr-20100110/bin/../lib/gcc/avr/4.3.3/avr5\libgcc.a(_exit.o)
 .data          0x008000cb        0x0 c:/winavr-20100110/bin/../lib/gcc/avr/4.3.3/avr5\libgcc.a(_copy_data.o)
 .data          0x008000cb        0x0 c:/winavr-20100110/bin/../lib/gcc/avr/4.3.3/avr5\libgcc.a(_clear_bss.o)
 .data          0x008000cb        0x0 c:/winavr-20100110/bin/../lib/gcc/avr/4.3.3/avr5\libgcc.a(_fixunssfsi.o)
 .data          0x008000cb        0x0 c:/winavr-20100110/bin/../lib/gcc/avr/4.3.3/avr5\libgcc.a(_addsub_sf.o)
 .data          0x008000cb        0x0 c:/winavr-20100110/bin/../lib/gcc/avr/4.3.3/avr5\libgcc.a(_mul_sf.o)
 .data          0x008000cb        0x0 c:/winavr-20100110/bin/../lib/gcc/avr/4.3.3/avr5\libgcc.a(_div_sf.o)
 .data          0x008000cb        0x0 c:/winavr-20100110/bin/../lib/gcc/avr/4.3.3/avr5\libgcc.a(_gt_sf.o)
 .data          0x008000cb        0x0 c:/winavr-20100110/bin/../lib/gcc/avr/4.3.3/avr5\libgcc.a(_ge_sf.o)
 .data          0x008000cb        0x0 c:/winavr-20100110/bin/../lib/gcc/avr/4.3.3/avr5\libgcc.a(_lt_sf.o)
 .data          0x008000cb        0x0 c:/winavr-20100110/bin/../lib/gcc/avr/4.3.3/avr5\libgcc.a(_si_to_sf.o)
 .data          0x008000cb        0x0 c:/winavr-20100110/bin/../lib/gcc/avr/4.3.3/avr5\libgcc.a(_sf_to_si.o)
 .data          0x008000cb        0x8 c:/winavr-20100110/bin/../lib/gcc/avr/4.3.3/avr5\libgcc.a(_thenan_sf.o)
                0x008000cb                __thenan_sf
 .data          0x008000d3        0x0 c:/winavr-20100110/bin/../lib/gcc/avr/4.3.3/avr5\libgcc.a(_usi_to_sf.o)
 .data          0x008000d3        0x0 c:/winavr-20100110/bin/../lib/gcc/avr/4.3.3/avr5\libgcc.a(_prologue.o)
 .data          0x008000d3        0x0 c:/winavr-20100110/bin/../lib/gcc/avr/4.3.3/avr5\libgcc.a(_epilogue.o)
 .data          0x008000d3        0x0 c:/winavr-20100110/bin/../lib/gcc/avr/4.3.3/avr5\libgcc.a(_clzsi2.o)
 .data          0x008000d3        0x0 c:/winavr-20100110/bin/../lib/gcc/avr/4.3.3/avr5\libgcc.a(_pack_sf.o)
 .data          0x008000d3        0x0 c:/winavr-20100110/bin/../lib/gcc/avr/4.3.3/avr5\libgcc.a(_unpack_sf.o)
 .data          0x008000d3        0x0 c:/winavr-20100110/bin/../lib/gcc/avr/4.3.3/avr5\libgcc.a(_fpcmp_parts_sf.o)
 .data          0x008000d3      0x100 c:/winavr-20100110/bin/../lib/gcc/avr/4.3.3/avr5\libgcc.a(_clz.o)
                0x008000d3                __clz_tab
 .data          0x008001d3        0x0 c:/winavr-20100110/bin/../lib/gcc/avr/4.3.3/../../../../avr/lib/avr5\libc.a(itoa.o)
 .data          0x008001d3        0x0 c:/winavr-20100110/bin/../lib/gcc/avr/4.3.3/../../../../avr/lib/avr5\libc.a(strrev.o)
 *(.data*)
 .data.Current_Car_Speed
                0x008001d3        0x1 ./main.o
                0x008001d3                Current_Car_Speed
 *(.rodata)
 *(.rodata*)
 *(.gnu.linkonce.d*)
                0x008001d4                . = ALIGN (0x2)
                0x008001d4                _edata = .
                0x008001d4                PROVIDE (__data_end, .)

.bss            0x008001d4       0x17
                0x008001d4                PROVIDE (__bss_start, .)
 *(.bss)
 .bss           0x008001d4        0x0 c:/winavr-20100110/bin/../lib/gcc/avr/4.3.3/../../../../avr/lib/avr5/crtm16.o
 .bss           0x008001d4        0x0 ./BUTTON.o
 .bss           0x008001d4        0x0 ./DIO.o
 .bss           0x008001d4        0x0 ./External_Interrupt.o
 .bss           0x008001d4        0x0 ./LCD.o
 .bss           0x008001d4        0x0 ./LED.o
 .bss           0x008001d4        0x0 ./Motors.o
 .bss           0x008001d4        0x0 ./Timers.o
 .bss           0x008001d4        0x0 ./USART.o
 .bss           0x008001d4        0x0 ./UltraSonic.o
 .bss           0x008001d4        0x0 ./main.o
 .bss           0x008001d4        0x0 c:/winavr-20100110/bin/../lib/gcc/avr/4.3.3/avr5\libgcc.a(_udivmodqi4.o)
 .bss           0x008001d4        0x0 c:/winavr-20100110/bin/../lib/gcc/avr/4.3.3/avr5\libgcc.a(_udivmodhi4.o)
 .bss           0x008001d4        0x0 c:/winavr-20100110/bin/../lib/gcc/avr/4.3.3/avr5\libgcc.a(_udivmodsi4.o)
 .bss           0x008001d4        0x0 c:/winavr-20100110/bin/../lib/gcc/avr/4.3.3/avr5\libgcc.a(_exit.o)
 .bss           0x008001d4        0x0 c:/winavr-20100110/bin/../lib/gcc/avr/4.3.3/avr5\libgcc.a(_copy_data.o)
 .bss           0x008001d4        0x0 c:/winavr-20100110/bin/../lib/gcc/avr/4.3.3/avr5\libgcc.a(_clear_bss.o)
 .bss           0x008001d4        0x0 c:/winavr-20100110/bin/../lib/gcc/avr/4.3.3/avr5\libgcc.a(_fixunssfsi.o)
 .bss           0x008001d4        0x0 c:/winavr-20100110/bin/../lib/gcc/avr/4.3.3/avr5\libgcc.a(_addsub_sf.o)
 .bss           0x008001d4        0x0 c:/winavr-20100110/bin/../lib/gcc/avr/4.3.3/avr5\libgcc.a(_mul_sf.o)
 .bss           0x008001d4        0x0 c:/winavr-20100110/bin/../lib/gcc/avr/4.3.3/avr5\libgcc.a(_div_sf.o)
 .bss           0x008001d4        0x0 c:/winavr-20100110/bin/../lib/gcc/avr/4.3.3/avr5\libgcc.a(_gt_sf.o)
 .bss           0x008001d4        0x0 c:/winavr-20100110/bin/../lib/gcc/avr/4.3.3/avr5\libgcc.a(_ge_sf.o)
 .bss           0x008001d4        0x0 c:/winavr-20100110/bin/../lib/gcc/avr/4.3.3/avr5\libgcc.a(_lt_sf.o)
 .bss           0x008001d4        0x0 c:/winavr-20100110/bin/../lib/gcc/avr/4.3.3/avr5\libgcc.a(_si_to_sf.o)
 .bss           0x008001d4        0x0 c:/winavr-20100110/bin/../lib/gcc/avr/4.3.3/avr5\libgcc.a(_sf_to_si.o)
 .bss           0x008001d4        0x0 c:/winavr-20100110/bin/../lib/gcc/avr/4.3.3/avr5\libgcc.a(_thenan_sf.o)
 .bss           0x008001d4        0x0 c:/winavr-20100110/bin/../lib/gcc/avr/4.3.3/avr5\libgcc.a(_usi_to_sf.o)
 .bss           0x008001d4        0x0 c:/winavr-20100110/bin/../lib/gcc/avr/4.3.3/avr5\libgcc.a(_prologue.o)
 .bss           0x008001d4        0x0 c:/winavr-20100110/bin/../lib/gcc/avr/4.3.3/avr5\libgcc.a(_epilogue.o)
 .bss           0x008001d4        0x0 c:/winavr-20100110/bin/../lib/gcc/avr/4.3.3/avr5\libgcc.a(_clzsi2.o)
 .bss           0x008001d4        0x0 c:/winavr-20100110/bin/../lib/gcc/avr/4.3.3/avr5\libgcc.a(_pack_sf.o)
 .bss           0x008001d4        0x0 c:/winavr-20100110/bin/../lib/gcc/avr/4.3.3/avr5\libgcc.a(_unpack_sf.o)
 .bss           0x008001d4        0x0 c:/winavr-20100110/bin/../lib/gcc/avr/4.3.3/avr5\libgcc.a(_fpcmp_parts_sf.o)
 .bss           0x008001d4        0x0 c:/winavr-20100110/bin/../lib/gcc/avr/4.3.3/avr5\libgcc.a(_clz.o)
 .bss           0x008001d4        0x0 c:/winavr-20100110/bin/../lib/gcc/avr/4.3.3/../../../../avr/lib/avr5\libc.a(itoa.o)
 .bss           0x008001d4        0x0 c:/winavr-20100110/bin/../lib/gcc/avr/4.3.3/../../../../avr/lib/avr5\libc.a(strrev.o)
 *(.bss*)
 .bss.Automatic_1
                0x008001d4        0x1 ./main.o
                0x008001d4                Automatic_1
 .bss.Car_Start
                0x008001d5        0x1 ./main.o
                0x008001d5                Car_Start
 .bss.Speed_Control_Using_UltraSonic
                0x008001d6        0x1 ./main.o
                0x008001d6                Speed_Control_Using_UltraSonic
 *(COMMON)
 COMMON         0x008001d7        0x6 ./External_Interrupt.o
                0x008001d7                INT2_ISR
                0x008001d9                INT0_ISR
                0x008001db                INT1_ISR
 COMMON         0x008001dd        0xe ./main.o
                0x008001dd                Second_Num
                0x008001de                Ultra_Distance_Right
                0x008001e0                i
                0x008001e1                Ultra_Distance
                0x008001e5                Choice
                0x008001e6                First_Num
                0x008001e7                Ultra_Distance_Left
                0x008001e9                Ultra_Distance_Front
                0x008001eb                PROVIDE (__bss_end, .)
                0x000059fe                __data_load_start = LOADADDR (.data)
                0x00005b72                __data_load_end = (__data_load_start + SIZEOF (.data))

.noinit         0x008001eb        0x0
                0x008001eb                PROVIDE (__noinit_start, .)
 *(.noinit*)
                0x008001eb                PROVIDE (__noinit_end, .)
                0x008001eb                _end = .
                0x008001eb                PROVIDE (__heap_start, .)

.eeprom         0x00810000        0x0
 *(.eeprom*)
                0x00810000                __eeprom_end = .

.fuse
 *(.fuse)
 *(.lfuse)
 *(.hfuse)
 *(.efuse)

.lock
 *(.lock*)

.signature
 *(.signature*)

.stab           0x00000000     0x5970
 *(.stab)
 .stab          0x00000000      0x2c4 ./BUTTON.o
 .stab          0x000002c4      0x93c ./DIO.o
                                0xa14 (size before relaxing)
 .stab          0x00000c00      0x660 ./External_Interrupt.o
                                0x72c (size before relaxing)
 .stab          0x00001260      0xf9c ./LCD.o
                               0x11f4 (size before relaxing)
 .stab          0x000021fc      0x27c ./LED.o
                                0x354 (size before relaxing)
 .stab          0x00002478      0xa5c ./Motors.o
                                0xcfc (size before relaxing)
 .stab          0x00002ed4     0x1374 ./Timers.o
                               0x1620 (size before relaxing)
 .stab          0x00004248      0x4e0 ./USART.o
                                0x750 (size before relaxing)
 .stab          0x00004728      0x48c ./UltraSonic.o
                                0x738 (size before relaxing)
 .stab          0x00004bb4      0xdbc ./main.o
                               0x1080 (size before relaxing)

.stabstr        0x00000000     0x1d00
 *(.stabstr)
 .stabstr       0x00000000     0x1d00 ./BUTTON.o

.stab.excl
 *(.stab.excl)

.stab.exclstr
 *(.stab.exclstr)

.stab.index
 *(.stab.index)

.stab.indexstr
 *(.stab.indexstr)

.comment
 *(.comment)

.debug
 *(.debug)

.line
 *(.line)

.debug_srcinfo
 *(.debug_srcinfo)

.debug_sfnames
 *(.debug_sfnames)

.debug_aranges  0x00000000      0x1c0
 *(.debug_aranges)
 .debug_aranges
                0x00000000       0x20 c:/winavr-20100110/bin/../lib/gcc/avr/4.3.3/avr5\libgcc.a(_fixunssfsi.o)
 .debug_aranges
                0x00000020       0x20 c:/winavr-20100110/bin/../lib/gcc/avr/4.3.3/avr5\libgcc.a(_addsub_sf.o)
 .debug_aranges
                0x00000040       0x20 c:/winavr-20100110/bin/../lib/gcc/avr/4.3.3/avr5\libgcc.a(_mul_sf.o)
 .debug_aranges
                0x00000060       0x20 c:/winavr-20100110/bin/../lib/gcc/avr/4.3.3/avr5\libgcc.a(_div_sf.o)
 .debug_aranges
                0x00000080       0x20 c:/winavr-20100110/bin/../lib/gcc/avr/4.3.3/avr5\libgcc.a(_gt_sf.o)
 .debug_aranges
                0x000000a0       0x20 c:/winavr-20100110/bin/../lib/gcc/avr/4.3.3/avr5\libgcc.a(_ge_sf.o)
 .debug_aranges
                0x000000c0       0x20 c:/winavr-20100110/bin/../lib/gcc/avr/4.3.3/avr5\libgcc.a(_lt_sf.o)
 .debug_aranges
                0x000000e0       0x20 c:/winavr-20100110/bin/../lib/gcc/avr/4.3.3/avr5\libgcc.a(_si_to_sf.o)
 .debug_aranges
                0x00000100       0x20 c:/winavr-20100110/bin/../lib/gcc/avr/4.3.3/avr5\libgcc.a(_sf_to_si.o)
 .debug_aranges
                0x00000120       0x20 c:/winavr-20100110/bin/../lib/gcc/avr/4.3.3/avr5\libgcc.a(_usi_to_sf.o)
 .debug_aranges
                0x00000140       0x20 c:/winavr-20100110/bin/../lib/gcc/avr/4.3.3/avr5\libgcc.a(_clzsi2.o)
 .debug_aranges
                0x00000160       0x20 c:/winavr-20100110/bin/../lib/gcc/avr/4.3.3/avr5\libgcc.a(_pack_sf.o)
 .debug_aranges
                0x00000180       0x20 c:/winavr-20100110/bin/../lib/gcc/avr/4.3.3/avr5\libgcc.a(_unpack_sf.o)
 .debug_aranges
                0x000001a0       0x20 c:/winavr-20100110/bin/../lib/gcc/avr/4.3.3/avr5\libgcc.a(_fpcmp_parts_sf.o)

.debug_pubnames
                0x00000000      0x214
 *(.debug_pubnames)
 .debug_pubnames
                0x00000000       0x23 c:/winavr-20100110/bin/../lib/gcc/avr/4.3.3/avr5\libgcc.a(_fixunssfsi.o)
 .debug_pubnames
                0x00000023       0x2c c:/winavr-20100110/bin/../lib/gcc/avr/4.3.3/avr5\libgcc.a(_addsub_sf.o)
 .debug_pubnames
                0x0000004f       0x1f c:/winavr-20100110/bin/../lib/gcc/avr/4.3.3/avr5\libgcc.a(_mul_sf.o)
 .debug_pubnames
                0x0000006e       0x1f c:/winavr-20100110/bin/../lib/gcc/avr/4.3.3/avr5\libgcc.a(_div_sf.o)
 .debug_pubnames
                0x0000008d       0x1e c:/winavr-20100110/bin/../lib/gcc/avr/4.3.3/avr5\libgcc.a(_gt_sf.o)
 .debug_pubnames
                0x000000ab       0x1e c:/winavr-20100110/bin/../lib/gcc/avr/4.3.3/avr5\libgcc.a(_ge_sf.o)
 .debug_pubnames
                0x000000c9       0x1e c:/winavr-20100110/bin/../lib/gcc/avr/4.3.3/avr5\libgcc.a(_lt_sf.o)
 .debug_pubnames
                0x000000e7       0x22 c:/winavr-20100110/bin/../lib/gcc/avr/4.3.3/avr5\libgcc.a(_si_to_sf.o)
 .debug_pubnames
                0x00000109       0x20 c:/winavr-20100110/bin/../lib/gcc/avr/4.3.3/avr5\libgcc.a(_sf_to_si.o)
 .debug_pubnames
                0x00000129       0x22 c:/winavr-20100110/bin/../lib/gcc/avr/4.3.3/avr5\libgcc.a(_thenan_sf.o)
 .debug_pubnames
                0x0000014b       0x24 c:/winavr-20100110/bin/../lib/gcc/avr/4.3.3/avr5\libgcc.a(_usi_to_sf.o)
 .debug_pubnames
                0x0000016f       0x1f c:/winavr-20100110/bin/../lib/gcc/avr/4.3.3/avr5\libgcc.a(_clzsi2.o)
 .debug_pubnames
                0x0000018e       0x1f c:/winavr-20100110/bin/../lib/gcc/avr/4.3.3/avr5\libgcc.a(_pack_sf.o)
 .debug_pubnames
                0x000001ad       0x21 c:/winavr-20100110/bin/../lib/gcc/avr/4.3.3/avr5\libgcc.a(_unpack_sf.o)
 .debug_pubnames
                0x000001ce       0x26 c:/winavr-20100110/bin/../lib/gcc/avr/4.3.3/avr5\libgcc.a(_fpcmp_parts_sf.o)
 .debug_pubnames
                0x000001f4       0x20 c:/winavr-20100110/bin/../lib/gcc/avr/4.3.3/avr5\libgcc.a(_clz.o)

.debug_info     0x00000000     0x2612
 *(.debug_info)
 .debug_info    0x00000000       0xb1 c:/winavr-20100110/bin/../lib/gcc/avr/4.3.3/avr5\libgcc.a(_fixunssfsi.o)
 .debug_info    0x000000b1      0x47a c:/winavr-20100110/bin/../lib/gcc/avr/4.3.3/avr5\libgcc.a(_addsub_sf.o)
 .debug_info    0x0000052b      0x485 c:/winavr-20100110/bin/../lib/gcc/avr/4.3.3/avr5\libgcc.a(_mul_sf.o)
 .debug_info    0x000009b0      0x3fc c:/winavr-20100110/bin/../lib/gcc/avr/4.3.3/avr5\libgcc.a(_div_sf.o)
 .debug_info    0x00000dac      0x27f c:/winavr-20100110/bin/../lib/gcc/avr/4.3.3/avr5\libgcc.a(_gt_sf.o)
 .debug_info    0x0000102b      0x27f c:/winavr-20100110/bin/../lib/gcc/avr/4.3.3/avr5\libgcc.a(_ge_sf.o)
 .debug_info    0x000012aa      0x27f c:/winavr-20100110/bin/../lib/gcc/avr/4.3.3/avr5\libgcc.a(_lt_sf.o)
 .debug_info    0x00001529      0x207 c:/winavr-20100110/bin/../lib/gcc/avr/4.3.3/avr5\libgcc.a(_si_to_sf.o)
 .debug_info    0x00001730      0x2b0 c:/winavr-20100110/bin/../lib/gcc/avr/4.3.3/avr5\libgcc.a(_sf_to_si.o)
 .debug_info    0x000019e0      0x12c c:/winavr-20100110/bin/../lib/gcc/avr/4.3.3/avr5\libgcc.a(_thenan_sf.o)
 .debug_info    0x00001b0c      0x206 c:/winavr-20100110/bin/../lib/gcc/avr/4.3.3/avr5\libgcc.a(_usi_to_sf.o)
 .debug_info    0x00001d12      0x117 c:/winavr-20100110/bin/../lib/gcc/avr/4.3.3/avr5\libgcc.a(_clzsi2.o)
 .debug_info    0x00001e29      0x2df c:/winavr-20100110/bin/../lib/gcc/avr/4.3.3/avr5\libgcc.a(_pack_sf.o)
 .debug_info    0x00002108      0x251 c:/winavr-20100110/bin/../lib/gcc/avr/4.3.3/avr5\libgcc.a(_unpack_sf.o)
 .debug_info    0x00002359      0x210 c:/winavr-20100110/bin/../lib/gcc/avr/4.3.3/avr5\libgcc.a(_fpcmp_parts_sf.o)
 .debug_info    0x00002569       0xa9 c:/winavr-20100110/bin/../lib/gcc/avr/4.3.3/avr5\libgcc.a(_clz.o)
 *(.gnu.linkonce.wi.*)

.debug_abbrev   0x00000000     0x14ce
 *(.debug_abbrev)
 .debug_abbrev  0x00000000       0x5d c:/winavr-20100110/bin/../lib/gcc/avr/4.3.3/avr5\libgcc.a(_fixunssfsi.o)
 .debug_abbrev  0x0000005d      0x1ea c:/winavr-20100110/bin/../lib/gcc/avr/4.3.3/avr5\libgcc.a(_addsub_sf.o)
 .debug_abbrev  0x00000247      0x21b c:/winavr-20100110/bin/../lib/gcc/avr/4.3.3/avr5\libgcc.a(_mul_sf.o)
 .debug_abbrev  0x00000462      0x216 c:/winavr-20100110/bin/../lib/gcc/avr/4.3.3/avr5\libgcc.a(_div_sf.o)
 .debug_abbrev  0x00000678      0x15a c:/winavr-20100110/bin/../lib/gcc/avr/4.3.3/avr5\libgcc.a(_gt_sf.o)
 .debug_abbrev  0x000007d2      0x15a c:/winavr-20100110/bin/../lib/gcc/avr/4.3.3/avr5\libgcc.a(_ge_sf.o)
 .debug_abbrev  0x0000092c      0x15a c:/winavr-20100110/bin/../lib/gcc/avr/4.3.3/avr5\libgcc.a(_lt_sf.o)
 .debug_abbrev  0x00000a86      0x148 c:/winavr-20100110/bin/../lib/gcc/avr/4.3.3/avr5\libgcc.a(_si_to_sf.o)
 .debug_abbrev  0x00000bce      0x17f c:/winavr-20100110/bin/../lib/gcc/avr/4.3.3/avr5\libgcc.a(_sf_to_si.o)
 .debug_abbrev  0x00000d4d       0xad c:/winavr-20100110/bin/../lib/gcc/avr/4.3.3/avr5\libgcc.a(_thenan_sf.o)
 .debug_abbrev  0x00000dfa      0x157 c:/winavr-20100110/bin/../lib/gcc/avr/4.3.3/avr5\libgcc.a(_usi_to_sf.o)
 .debug_abbrev  0x00000f51       0xc4 c:/winavr-20100110/bin/../lib/gcc/avr/4.3.3/avr5\libgcc.a(_clzsi2.o)
 .debug_abbrev  0x00001015      0x1c0 c:/winavr-20100110/bin/../lib/gcc/avr/4.3.3/avr5\libgcc.a(_pack_sf.o)
 .debug_abbrev  0x000011d5      0x154 c:/winavr-20100110/bin/../lib/gcc/avr/4.3.3/avr5\libgcc.a(_unpack_sf.o)
 .debug_abbrev  0x00001329      0x13b c:/winavr-20100110/bin/../lib/gcc/avr/4.3.3/avr5\libgcc.a(_fpcmp_parts_sf.o)
 .debug_abbrev  0x00001464       0x6a c:/winavr-20100110/bin/../lib/gcc/avr/4.3.3/avr5\libgcc.a(_clz.o)

.debug_line     0x00000000     0x130b
 *(.debug_line)
 .debug_line    0x00000000       0xa7 c:/winavr-20100110/bin/../lib/gcc/avr/4.3.3/avr5\libgcc.a(_fixunssfsi.o)
 .debug_line    0x000000a7      0x2af c:/winavr-20100110/bin/../lib/gcc/avr/4.3.3/avr5\libgcc.a(_addsub_sf.o)
 .debug_line    0x00000356      0x239 c:/winavr-20100110/bin/../lib/gcc/avr/4.3.3/avr5\libgcc.a(_mul_sf.o)
 .debug_line    0x0000058f      0x1d5 c:/winavr-20100110/bin/../lib/gcc/avr/4.3.3/avr5\libgcc.a(_div_sf.o)
 .debug_line    0x00000764       0xd3 c:/winavr-20100110/bin/../lib/gcc/avr/4.3.3/avr5\libgcc.a(_gt_sf.o)
 .debug_line    0x00000837       0xd3 c:/winavr-20100110/bin/../lib/gcc/avr/4.3.3/avr5\libgcc.a(_ge_sf.o)
 .debug_line    0x0000090a       0xd3 c:/winavr-20100110/bin/../lib/gcc/avr/4.3.3/avr5\libgcc.a(_lt_sf.o)
 .debug_line    0x000009dd      0x135 c:/winavr-20100110/bin/../lib/gcc/avr/4.3.3/avr5\libgcc.a(_si_to_sf.o)
 .debug_line    0x00000b12      0x109 c:/winavr-20100110/bin/../lib/gcc/avr/4.3.3/avr5\libgcc.a(_sf_to_si.o)
 .debug_line    0x00000c1b       0x90 c:/winavr-20100110/bin/../lib/gcc/avr/4.3.3/avr5\libgcc.a(_thenan_sf.o)
 .debug_line    0x00000cab      0x133 c:/winavr-20100110/bin/../lib/gcc/avr/4.3.3/avr5\libgcc.a(_usi_to_sf.o)
 .debug_line    0x00000dde       0xa5 c:/winavr-20100110/bin/../lib/gcc/avr/4.3.3/avr5\libgcc.a(_clzsi2.o)
 .debug_line    0x00000e83      0x18a c:/winavr-20100110/bin/../lib/gcc/avr/4.3.3/avr5\libgcc.a(_pack_sf.o)
 .debug_line    0x0000100d      0x14b c:/winavr-20100110/bin/../lib/gcc/avr/4.3.3/avr5\libgcc.a(_unpack_sf.o)
 .debug_line    0x00001158      0x137 c:/winavr-20100110/bin/../lib/gcc/avr/4.3.3/avr5\libgcc.a(_fpcmp_parts_sf.o)
 .debug_line    0x0000128f       0x7c c:/winavr-20100110/bin/../lib/gcc/avr/4.3.3/avr5\libgcc.a(_clz.o)

.debug_frame    0x00000000      0x1e0
 *(.debug_frame)
 .debug_frame   0x00000000       0x20 c:/winavr-20100110/bin/../lib/gcc/avr/4.3.3/avr5\libgcc.a(_fixunssfsi.o)
 .debug_frame   0x00000020       0x40 c:/winavr-20100110/bin/../lib/gcc/avr/4.3.3/avr5\libgcc.a(_addsub_sf.o)
 .debug_frame   0x00000060       0x20 c:/winavr-20100110/bin/../lib/gcc/avr/4.3.3/avr5\libgcc.a(_mul_sf.o)
 .debug_frame   0x00000080       0x20 c:/winavr-20100110/bin/../lib/gcc/avr/4.3.3/avr5\libgcc.a(_div_sf.o)
 .debug_frame   0x000000a0       0x20 c:/winavr-20100110/bin/../lib/gcc/avr/4.3.3/avr5\libgcc.a(_gt_sf.o)
 .debug_frame   0x000000c0       0x20 c:/winavr-20100110/bin/../lib/gcc/avr/4.3.3/avr5\libgcc.a(_ge_sf.o)
 .debug_frame   0x000000e0       0x20 c:/winavr-20100110/bin/../lib/gcc/avr/4.3.3/avr5\libgcc.a(_lt_sf.o)
 .debug_frame   0x00000100       0x20 c:/winavr-20100110/bin/../lib/gcc/avr/4.3.3/avr5\libgcc.a(_si_to_sf.o)
 .debug_frame   0x00000120       0x20 c:/winavr-20100110/bin/../lib/gcc/avr/4.3.3/avr5\libgcc.a(_sf_to_si.o)
 .debug_frame   0x00000140       0x20 c:/winavr-20100110/bin/../lib/gcc/avr/4.3.3/avr5\libgcc.a(_usi_to_sf.o)
 .debug_frame   0x00000160       0x20 c:/winavr-20100110/bin/../lib/gcc/avr/4.3.3/avr5\libgcc.a(_clzsi2.o)
 .debug_frame   0x00000180       0x20 c:/winavr-20100110/bin/../lib/gcc/avr/4.3.3/avr5\libgcc.a(_pack_sf.o)
 .debug_frame   0x000001a0       0x20 c:/winavr-20100110/bin/../lib/gcc/avr/4.3.3/avr5\libgcc.a(_unpack_sf.o)
 .debug_frame   0x000001c0       0x20 c:/winavr-20100110/bin/../lib/gcc/avr/4.3.3/avr5\libgcc.a(_fpcmp_parts_sf.o)

.debug_str      0x00000000      0x307
 *(.debug_str)
 .debug_str     0x00000000       0xbf c:/winavr-20100110/bin/../lib/gcc/avr/4.3.3/avr5\libgcc.a(_fixunssfsi.o)
                                 0xfe (size before relaxing)
 .debug_str     0x000000bf      0x14d c:/winavr-20100110/bin/../lib/gcc/avr/4.3.3/avr5\libgcc.a(_addsub_sf.o)
                                0x206 (size before relaxing)
 .debug_str     0x0000020c       0x27 c:/winavr-20100110/bin/../lib/gcc/avr/4.3.3/avr5\libgcc.a(_mul_sf.o)
                                0x1bf (size before relaxing)
 .debug_str     0x00000233       0x35 c:/winavr-20100110/bin/../lib/gcc/avr/4.3.3/avr5\libgcc.a(_div_sf.o)
                                0x1c8 (size before relaxing)
 .debug_str     0x00000268        0x8 c:/winavr-20100110/bin/../lib/gcc/avr/4.3.3/avr5\libgcc.a(_gt_sf.o)
                                0x195 (size before relaxing)
 .debug_str     0x00000270        0x8 c:/winavr-20100110/bin/../lib/gcc/avr/4.3.3/avr5\libgcc.a(_ge_sf.o)
                                0x195 (size before relaxing)
 .debug_str     0x00000278        0x8 c:/winavr-20100110/bin/../lib/gcc/avr/4.3.3/avr5\libgcc.a(_lt_sf.o)
                                0x195 (size before relaxing)
 .debug_str     0x00000280       0x1e c:/winavr-20100110/bin/../lib/gcc/avr/4.3.3/avr5\libgcc.a(_si_to_sf.o)
                                0x17b (size before relaxing)
 .debug_str     0x0000029e        0xa c:/winavr-20100110/bin/../lib/gcc/avr/4.3.3/avr5\libgcc.a(_sf_to_si.o)
                                0x19e (size before relaxing)
 .debug_str     0x00000000      0x103 c:/winavr-20100110/bin/../lib/gcc/avr/4.3.3/avr5\libgcc.a(_thenan_sf.o)
 .debug_str     0x000002a8       0x14 c:/winavr-20100110/bin/../lib/gcc/avr/4.3.3/avr5\libgcc.a(_usi_to_sf.o)
                                0x177 (size before relaxing)
 .debug_str     0x000002bc       0x20 c:/winavr-20100110/bin/../lib/gcc/avr/4.3.3/avr5\libgcc.a(_clzsi2.o)
                                0x111 (size before relaxing)
 .debug_str     0x000002dc       0x10 c:/winavr-20100110/bin/../lib/gcc/avr/4.3.3/avr5\libgcc.a(_pack_sf.o)
                                0x19d (size before relaxing)
 .debug_str     0x000002ec        0xb c:/winavr-20100110/bin/../lib/gcc/avr/4.3.3/avr5\libgcc.a(_unpack_sf.o)
                                0x17f (size before relaxing)
 .debug_str     0x000002f7       0x10 c:/winavr-20100110/bin/../lib/gcc/avr/4.3.3/avr5\libgcc.a(_fpcmp_parts_sf.o)
                                0x163 (size before relaxing)
 .debug_str     0x00000000       0xf4 c:/winavr-20100110/bin/../lib/gcc/avr/4.3.3/avr5\libgcc.a(_clz.o)

.debug_loc      0x00000000      0xa1a
 *(.debug_loc)
 .debug_loc     0x00000000       0x34 c:/winavr-20100110/bin/../lib/gcc/avr/4.3.3/avr5\libgcc.a(_fixunssfsi.o)
 .debug_loc     0x00000034      0x32a c:/winavr-20100110/bin/../lib/gcc/avr/4.3.3/avr5\libgcc.a(_addsub_sf.o)
 .debug_loc     0x0000035e      0x104 c:/winavr-20100110/bin/../lib/gcc/avr/4.3.3/avr5\libgcc.a(_mul_sf.o)
 .debug_loc     0x00000462       0xc0 c:/winavr-20100110/bin/../lib/gcc/avr/4.3.3/avr5\libgcc.a(_div_sf.o)
 .debug_loc     0x00000522       0x3c c:/winavr-20100110/bin/../lib/gcc/avr/4.3.3/avr5\libgcc.a(_gt_sf.o)
 .debug_loc     0x0000055e       0x3c c:/winavr-20100110/bin/../lib/gcc/avr/4.3.3/avr5\libgcc.a(_ge_sf.o)
 .debug_loc     0x0000059a       0x3c c:/winavr-20100110/bin/../lib/gcc/avr/4.3.3/avr5\libgcc.a(_lt_sf.o)
 .debug_loc     0x000005d6       0xac c:/winavr-20100110/bin/../lib/gcc/avr/4.3.3/avr5\libgcc.a(_si_to_sf.o)
 .debug_loc     0x00000682       0x7e c:/winavr-20100110/bin/../lib/gcc/avr/4.3.3/avr5\libgcc.a(_sf_to_si.o)
 .debug_loc     0x00000700       0x4c c:/winavr-20100110/bin/../lib/gcc/avr/4.3.3/avr5\libgcc.a(_usi_to_sf.o)
 .debug_loc     0x0000074c       0x94 c:/winavr-20100110/bin/../lib/gcc/avr/4.3.3/avr5\libgcc.a(_clzsi2.o)
 .debug_loc     0x000007e0      0x13e c:/winavr-20100110/bin/../lib/gcc/avr/4.3.3/avr5\libgcc.a(_pack_sf.o)
 .debug_loc     0x0000091e       0xac c:/winavr-20100110/bin/../lib/gcc/avr/4.3.3/avr5\libgcc.a(_unpack_sf.o)
 .debug_loc     0x000009ca       0x50 c:/winavr-20100110/bin/../lib/gcc/avr/4.3.3/avr5\libgcc.a(_fpcmp_parts_sf.o)

.debug_macinfo
 *(.debug_macinfo)
OUTPUT(SMART_CAR_.elf elf32-avr)
LOAD linker stubs

.debug_ranges   0x00000000       0x50
 .debug_ranges  0x00000000       0x50 c:/winavr-20100110/bin/../lib/gcc/avr/4.3.3/avr5\libgcc.a(_mul_sf.o)
